python : C:\Users\HP\Ap
pData\Local\Programs\Py
thon\Python311\Lib\site
-packages\requests\__in
it__.py:113: RequestsDe
pendencyWarning: 
urllib3 (2.5.0) or 
chardet (7.4.0.post1)/c
harset_normalizer 
(3.4.4) doesn't match 
a supported version!
At line:1 char:1
+ python -m pytest 
tests/test_analyzer.py 
-v > test_output.txt 
2>&1; Ge ...
+ ~~~~~~~~~~~~~~~~~~~~~
~~~~~~~~~~~~~~~~~~~~~~~
~~~~~~~~~~~~~~~~~~~~~
    + CategoryInfo     
         : NotSpecifi  
  ed: (C:\Users\HP\A   
 pp...ported versio    
n!:String) [], Rem    
oteException
    + FullyQualifiedEr 
   rorId : NativeComm  
  andError
 
  warnings.warn(
============================= test session starts =============================
platform win32 -- Python 3.11.9, pytest-8.1.1, pluggy-1.6.0 -- C:\Users\HP\AppData\Local\Programs\Python\Python311\python.exe
cachedir: .pytest_cache
rootdir: C:\Users\HP\OneDrive\Desktop\health\backend
plugins: anyio-4.12.0, langsmith-0.7.12, asyncio-0.23.5
asyncio: mode=Mode.STRICT
collecting ... collected 16 items

tests/test_analyzer.py::TestExtractParameters::test_hemoglobin_extracted PASSED [  6%]
tests/test_analyzer.py::TestExtractParameters::test_glucose_extracted PASSED [ 12%]
tests/test_analyzer.py::TestExtractParameters::test_cholesterol_extracted PASSED [ 18%]
tests/test_analyzer.py::TestExtractParameters::test_status_low_hemoglobin PASSED [ 25%]
tests/test_analyzer.py::TestExtractParameters::test_status_high_glucose PASSED [ 31%]
tests/test_analyzer.py::TestExtractParameters::test_status_critical_cholesterol PASSED [ 37%]
tests/test_analyzer.py::TestExtractParameters::test_normal_values PASSED [ 43%]
tests/test_analyzer.py::TestDetectRisks::test_anemia_detected PASSED     [ 50%]
tests/test_analyzer.py::TestDetectRisks::test_diabetes_detected PASSED   [ 56%]
tests/test_analyzer.py::TestDetectRisks::test_high_cholesterol_risk PASSED [ 62%]
tests/test_analyzer.py::TestDetectRisks::test_hypertension_detected PASSED [ 68%]
tests/test_analyzer.py::TestDetectRisks::test_no_risks_for_normal PASSED [ 75%]
tests/test_analyzer.py::TestAnalyze::test_returns_all_keys PASSED        [ 81%]
tests/test_analyzer.py::TestAnalyze::test_overall_status_needs_attention PASSED [ 87%]
tests/test_analyzer.py::TestAnalyze::test_overall_status_healthy PASSED  [ 93%]
tests/test_analyzer.py::TestAnalyze::test_empty_text PASSED              [100%]

============================= 16 passed in 0.05s ==============================
